// Jest Snapshot v1, https://goo.gl/fbAQLP

exports[`getOneProgram getOneProgram response 1`] = `
Object {
  "body": Any<String>,
  "headers": Object {
    "Access-Control-Allow-Methods": "OPTIONS,GET",
    "Access-Control-Allow-Origin": "*",
  },
  "statusCode": 200,
}
`;

exports[`getOneProgram getOneProgram response 2`] = `
Object {
  "clientId": 1,
  "components": Array [
    Object {
      "ad": false,
      "cardImagePosition": "none",
      "cardImageSize": "none",
      "cards": Array [
        Object {
          "action": "page",
          "componentId": 19,
          "description": "View",
          "id": 45,
          "imageUrl": "",
          "orderIndex": 1,
          "page": null,
          "pageId": 61,
          "title": null,
          "url": null,
          "visible": true,
        },
      ],
      "datesOverrideMode": "none",
      "id": 19,
      "internalName": "A note from artistic director",
      "libraryComponent": false,
      "maxCards": 1,
      "orderIndex": 1,
      "pageId": 60,
      "status": "ok",
      "style": "default",
      "subTitle": null,
      "title": "A note from Donmar Artistic Director Michael Longhurst",
      "type": "text",
      "viewAllText": "View all",
      "visible": true,
    },
    Object {
      "ad": false,
      "cardImagePosition": "left",
      "cardImageSize": "cover",
      "cards": Array [
        Object {
          "action": "link",
          "componentId": 20,
          "description": "SoundCloud",
          "id": 47,
          "imageUrl": "https://i1.sndcdn.com/artworks-nDCGqM2pnO7WrtCZ-UIXvuA-t500x500.jpg",
          "orderIndex": 2,
          "page": null,
          "pageId": null,
          "title": null,
          "url": "https://soundcloud.com/donmarwarehouse/reclaiming-blindness",
          "visible": true,
        },
        Object {
          "action": "link",
          "componentId": 20,
          "description": "YouTube",
          "id": 46,
          "imageUrl": "https://img.youtube.com/vi/mTZDZZKd87g/1.jpg",
          "orderIndex": 1,
          "page": null,
          "pageId": null,
          "title": null,
          "url": "https://www.youtube.com/watch?v=mTZDZZKd87g",
          "visible": true,
        },
      ],
      "datesOverrideMode": "none",
      "id": 20,
      "internalName": "Watch & Listen",
      "libraryComponent": false,
      "maxCards": 2,
      "orderIndex": 2,
      "pageId": 60,
      "status": "ok",
      "style": "spotlight",
      "subTitle": null,
      "title": "Watch & Listen",
      "type": "verticalList",
      "viewAllText": "View all",
      "visible": true,
    },
    Object {
      "ad": false,
      "cardImagePosition": "left",
      "cardImageSize": "cover",
      "cards": Array [
        Object {
          "action": "link",
          "componentId": 21,
          "description": "Writer",
          "id": 49,
          "imageUrl": "https://s3.amazonaws.com/data.instantencore.com/image/1074084/beethoven.jpg",
          "orderIndex": 2,
          "page": null,
          "pageId": null,
          "title": "SIMON STEPHENS",
          "url": "https://test.com/bio",
          "visible": true,
        },
        Object {
          "action": "link",
          "componentId": 21,
          "description": "Voice of the Storyteller / Doctor's wife",
          "id": 48,
          "imageUrl": "https://s3.amazonaws.com/data.instantencore.com/image/1074084/beethoven.jpg",
          "orderIndex": 1,
          "page": null,
          "pageId": null,
          "title": "JULIET STEVENSON",
          "url": "https://test.com/bio",
          "visible": true,
        },
      ],
      "datesOverrideMode": "none",
      "id": 21,
      "internalName": "Bios",
      "libraryComponent": false,
      "maxCards": 2,
      "orderIndex": 2,
      "pageId": 60,
      "status": "ok",
      "style": "default",
      "subTitle": null,
      "title": "Who's Who",
      "type": "horizontalList",
      "viewAllText": "View all",
      "visible": true,
    },
  ],
  "headerImageSize": "cover",
  "headerImageUrl": "https://s3.amazonaws.com/data.instantencore.com/image/1074084/beethoven.jpg",
  "headerPreTitle": "David Mirvish Productions Presents",
  "headerSubTitle": "Aug 4 - 29",
  "headerTextPosition": "overlay",
  "headerTitle": "Blindness",
  "id": Any<Number>,
  "internalName": "Blindness 2021",
  "internalNotes": null,
  "localEndDate": "2021-10-01",
  "localStartDate": "2021-08-01",
  "season": null,
  "source": null,
  "sourceId": null,
  "status": "published",
  "timeZone": "Pacific",
  "utcEndDate": "2021-10-01",
  "utcStartDate": "2021-08-01",
}
`;
